// Jest Snapshot v1, https://goo.gl/fbAQLP

exports[`components/marketplace/marketplace_list should render with multiple plugins 1`] = `
<div
  className="more-modal__list"
>
  <Connect(MarketplaceItem)
    description="This plugin sends quarterly user satisfaction surveys to gather feedback and help improve Matterfoss"
    downloadUrl="https://github.com/matterfoss/matterfoss-plugin-nps/releases/download/v1.0.3/com.matterfoss.nps-1.0.3.tar.gz"
    homepageUrl="https://github.com/matterfoss/matterfoss-plugin-nps"
    id="com.matterfoss.nps"
    installedVersion=""
    isPrepackaged={false}
    key="com.matterfoss.nps"
    name="User Satisfaction Surveys"
    version="1.0.3"
  />
  <Connect(MarketplaceItem)
    description="This plugin sends quarterly user satisfaction surveys to gather feedback and help improve Matterfoss"
    downloadUrl="https://github.com/matterfoss/matterfoss-plugin-nps/releases/download/v1.0.3/com.matterfoss.nps-1.0.3.tar.gz"
    homepageUrl="https://github.com/matterfoss/matterfoss-plugin-nps"
    id="com.matterfoss.nps"
    installedVersion=""
    isPrepackaged={false}
    key="com.matterfoss.nps"
    name="User Satisfaction Surveys"
    version="1.0.3"
  />
  <Connect(MarketplaceItem)
    description="This plugin sends quarterly user satisfaction surveys to gather feedback and help improve Matterfoss"
    downloadUrl="https://github.com/matterfoss/matterfoss-plugin-nps/releases/download/v1.0.3/com.matterfoss.nps-1.0.3.tar.gz"
    homepageUrl="https://github.com/matterfoss/matterfoss-plugin-nps"
    id="com.matterfoss.nps"
    installedVersion=""
    isPrepackaged={false}
    key="com.matterfoss.nps"
    name="User Satisfaction Surveys"
    version="1.0.3"
  />
  <Connect(MarketplaceItem)
    description="This plugin sends quarterly user satisfaction surveys to gather feedback and help improve Matterfoss"
    downloadUrl="https://github.com/matterfoss/matterfoss-plugin-nps/releases/download/v1.0.3/com.matterfoss.nps-1.0.3.tar.gz"
    homepageUrl="https://github.com/matterfoss/matterfoss-plugin-nps"
    id="com.matterfoss.nps"
    installedVersion=""
    isPrepackaged={false}
    key="com.matterfoss.nps"
    name="User Satisfaction Surveys"
    version="1.0.3"
  />
  <Connect(MarketplaceItem)
    description="This plugin sends quarterly user satisfaction surveys to gather feedback and help improve Matterfoss"
    downloadUrl="https://github.com/matterfoss/matterfoss-plugin-nps/releases/download/v1.0.3/com.matterfoss.nps-1.0.3.tar.gz"
    homepageUrl="https://github.com/matterfoss/matterfoss-plugin-nps"
    id="com.matterfoss.nps"
    installedVersion=""
    isPrepackaged={false}
    key="com.matterfoss.nps"
    name="User Satisfaction Surveys"
    version="1.0.3"
  />
  <Connect(MarketplaceItem)
    description="This plugin sends quarterly user satisfaction surveys to gather feedback and help improve Matterfoss"
    downloadUrl="https://github.com/matterfoss/matterfoss-plugin-nps/releases/download/v1.0.3/com.matterfoss.nps-1.0.3.tar.gz"
    homepageUrl="https://github.com/matterfoss/matterfoss-plugin-nps"
    id="com.matterfoss.nps"
    installedVersion=""
    isPrepackaged={false}
    key="com.matterfoss.nps"
    name="User Satisfaction Surveys"
    version="1.0.3"
  />
  <Connect(MarketplaceItem)
    description="This plugin sends quarterly user satisfaction surveys to gather feedback and help improve Matterfoss"
    downloadUrl="https://github.com/matterfoss/matterfoss-plugin-nps/releases/download/v1.0.3/com.matterfoss.nps-1.0.3.tar.gz"
    homepageUrl="https://github.com/matterfoss/matterfoss-plugin-nps"
    id="com.matterfoss.nps"
    installedVersion=""
    isPrepackaged={false}
    key="com.matterfoss.nps"
    name="User Satisfaction Surveys"
    version="1.0.3"
  />
  <Connect(MarketplaceItem)
    description="This plugin sends quarterly user satisfaction surveys to gather feedback and help improve Matterfoss"
    downloadUrl="https://github.com/matterfoss/matterfoss-plugin-nps/releases/download/v1.0.3/com.matterfoss.nps-1.0.3.tar.gz"
    homepageUrl="https://github.com/matterfoss/matterfoss-plugin-nps"
    id="com.matterfoss.nps"
    installedVersion=""
    isPrepackaged={false}
    key="com.matterfoss.nps"
    name="User Satisfaction Surveys"
    version="1.0.3"
  />
  <Connect(MarketplaceItem)
    description="This plugin sends quarterly user satisfaction surveys to gather feedback and help improve Matterfoss"
    downloadUrl="https://github.com/matterfoss/matterfoss-plugin-nps/releases/download/v1.0.3/com.matterfoss.nps-1.0.3.tar.gz"
    homepageUrl="https://github.com/matterfoss/matterfoss-plugin-nps"
    id="com.matterfoss.nps"
    installedVersion=""
    isPrepackaged={false}
    key="com.matterfoss.nps"
    name="User Satisfaction Surveys"
    version="1.0.3"
  />
  <Connect(MarketplaceItem)
    description="This plugin sends quarterly user satisfaction surveys to gather feedback and help improve Matterfoss"
    downloadUrl="https://github.com/matterfoss/matterfoss-plugin-nps/releases/download/v1.0.3/com.matterfoss.nps-1.0.3.tar.gz"
    homepageUrl="https://github.com/matterfoss/matterfoss-plugin-nps"
    id="com.matterfoss.nps"
    installedVersion=""
    isPrepackaged={false}
    key="com.matterfoss.nps"
    name="User Satisfaction Surveys"
    version="1.0.3"
  />
  <Connect(MarketplaceItem)
    description="This plugin sends quarterly user satisfaction surveys to gather feedback and help improve Matterfoss"
    downloadUrl="https://github.com/matterfoss/matterfoss-plugin-nps/releases/download/v1.0.3/com.matterfoss.nps-1.0.3.tar.gz"
    homepageUrl="https://github.com/matterfoss/matterfoss-plugin-nps"
    id="com.matterfoss.nps"
    installedVersion=""
    isPrepackaged={false}
    key="com.matterfoss.nps"
    name="User Satisfaction Surveys"
    version="1.0.3"
  />
  <Connect(MarketplaceItem)
    description="This plugin sends quarterly user satisfaction surveys to gather feedback and help improve Matterfoss"
    downloadUrl="https://github.com/matterfoss/matterfoss-plugin-nps/releases/download/v1.0.3/com.matterfoss.nps-1.0.3.tar.gz"
    homepageUrl="https://github.com/matterfoss/matterfoss-plugin-nps"
    id="com.matterfoss.nps"
    installedVersion=""
    isPrepackaged={false}
    key="com.matterfoss.nps"
    name="User Satisfaction Surveys"
    version="1.0.3"
  />
  <Connect(MarketplaceItem)
    description="This plugin sends quarterly user satisfaction surveys to gather feedback and help improve Matterfoss"
    downloadUrl="https://github.com/matterfoss/matterfoss-plugin-nps/releases/download/v1.0.3/com.matterfoss.nps-1.0.3.tar.gz"
    homepageUrl="https://github.com/matterfoss/matterfoss-plugin-nps"
    id="com.matterfoss.nps"
    installedVersion=""
    isPrepackaged={false}
    key="com.matterfoss.nps"
    name="User Satisfaction Surveys"
    version="1.0.3"
  />
  <Connect(MarketplaceItem)
    description="This plugin sends quarterly user satisfaction surveys to gather feedback and help improve Matterfoss"
    downloadUrl="https://github.com/matterfoss/matterfoss-plugin-nps/releases/download/v1.0.3/com.matterfoss.nps-1.0.3.tar.gz"
    homepageUrl="https://github.com/matterfoss/matterfoss-plugin-nps"
    id="com.matterfoss.nps"
    installedVersion=""
    isPrepackaged={false}
    key="com.matterfoss.nps"
    name="User Satisfaction Surveys"
    version="1.0.3"
  />
  <Connect(MarketplaceItem)
    description="This plugin sends quarterly user satisfaction surveys to gather feedback and help improve Matterfoss"
    downloadUrl="https://github.com/matterfoss/matterfoss-plugin-nps/releases/download/v1.0.3/com.matterfoss.nps-1.0.3.tar.gz"
    homepageUrl="https://github.com/matterfoss/matterfoss-plugin-nps"
    id="com.matterfoss.nps"
    installedVersion=""
    isPrepackaged={false}
    key="com.matterfoss.nps"
    name="User Satisfaction Surveys"
    version="1.0.3"
  />
  <Connect(NavigationRow)
    maximumPerPage={15}
    onNextPageButtonClick={[Function]}
    onPreviousPageButtonClick={[Function]}
    page={0}
    total={17}
  />
</div>
`;
